connect-src cloudflareinsights.com
script-src static.cloudflareinsights.com